// Jest Snapshot v1, https://goo.gl/fbAQLP

exports[`<MediaLayout /> renders 1`] = `
<div
  className="media_layout--container media_layout--middle"
>
  <div
    className="media_layout--media"
  >
    <div>
      media
    </div>
  </div>
  <div
    className="media_layout--desc"
  >
    <div>
      description
    </div>
  </div>
</div>
`;
