// Jest Snapshot v1, https://goo.gl/fbAQLP

exports[`<App /> renders 1`] = `
<SideEffect(DocumentTitle)
  title="D&D 5e Character"
>
  <Provider
    store={
      Object {
        "dispatch": [Function],
        "getState": [Function],
        "subscribe": [Function],
      }
    }
  >
    <BrowserRouter>
      <Switch>
        <Route
          component={[Function]}
          exact={true}
          path="/login"
        />
        <Connect(UserProvider)>
          <Switch>
            <Connect(ProtectedRoute)
              path="/app"
              render={[Function]}
            />
            <Route
              render={[Function]}
            />
          </Switch>
        </Connect(UserProvider)>
      </Switch>
    </BrowserRouter>
  </Provider>
</SideEffect(DocumentTitle)>
`;
